[ptsdonsolana.com/index.html]
[ptsdonsolana.com/xmlrpc.php]
[backblue.gif]
[fade.gif]
[index.html]
[ptsdonsolana.com/wp-content/themes/Divi/includes/builder/styles/images/preloader.gif]
[ptsdonsolana.com/feed/index.html]
[ptsdonsolana.com/comments/feed/index.html]
[ptsdonsolana.com/wp-content/themes/Divi/core/admin/fonts/modules/all/modules.eot]
[ptsdonsolana.com/wp-content/themes/Divi/core/admin/fonts/fontawesome/fa-regular-400.eot]
[ptsdonsolana.com/wp-content/et-cache/348/et-divi-dynamic-tb-45-tb-46-348f2e8.css]
[ptsdonsolana.com/wp-content/plugins/a3-lazy-load/assets/css/jquery.lazyloadxt.spinner109c.css]
[ptsdonsolana.com/wp-content/uploads/sass/a3_lazy_load.min5581.css]
[ptsdonsolana.com/wp-json/wp/v2/pages/348.json]
[ptsdonsolana.com/xmlrpc0db0.php]
[ptsdonsolana.com/wp-json/index.html]
[ptsdonsolana.com/wp-json/oembed/1.0/embed41ae.json]
[ptsdonsolana.com/wp-json/oembed/1.0/embedea6e]
[ptsdonsolana.com/wp-content/themes/Divi/core/admin/fonts/modules/all/modules.ttf]
[ptsdonsolana.com/wp-content/uploads/2024/07/cropped-ptsd3CfvHmt5ZyFeejbeZUukxNjHfPswefgCf2qxTLv-1-32x32.webp]
[ptsdonsolana.com/wp-content/uploads/2024/07/cropped-ptsd3CfvHmt5ZyFeejbeZUukxNjHfPswefgCf2qxTLv-1-192x192.webp]
[ptsdonsolana.com/wp-content/uploads/2024/07/cropped-ptsd3CfvHmt5ZyFeejbeZUukxNjHfPswefgCf2qxTLv-1-180x180.webp]
[ptsdonsolana.com/wp-content/uploads/2024/07/Crypto_Illustration_07-1-optimized.webp]
[ptsdonsolana.com/wp-content/et-cache/348/et-core-unified-tb-45-tb-46-deferred-348.min4c77.css]
[ptsdonsolana.com/wp-content/uploads/2024/07/ptsd3CfvHmt5ZyFeejbeZUukxNjHfPswefgCf2qxTLv.webp]
[ptsdonsolana.com/wp-content/uploads/2024/07/PTSD-LOGO-300x112.webp]
[ptsdonsolana.com/wp-content/plugins/a3-lazy-load/assets/images/lazy_placeholder.gif]
[ptsdonsolana.com/wp-content/uploads/2024/07/Contract_Address_Icon-ptsdG.webp]
[ptsdonsolana.com/wp-content/uploads/2024/07/Crypto_Icon_13.png]
[ptsdonsolana.com/wp-content/uploads/2024/07/Crypto_Icon_15.png]
[ptsdonsolana.com/wp-content/uploads/2024/07/Crypto_Icon_14.png]
[ptsdonsolana.com/wp-content/uploads/2024/07/crypto_illustration_19-optimized.webp]
[ptsdonsolana.com/wp-content/uploads/2024/07/crypto_illustration_02-optimized-1024x431.webp]
[ptsdonsolana.com/wp-content/uploads/2024/07/crypto_illustration_03.png]
[ptsdonsolana.com/wp-content/uploads/2024/07/crypto_illustration_04.png]
[ptsdonsolana.com/wp-content/uploads/2024/07/crypto-bg-02.png]
[ptsdonsolana.com/wp-content/uploads/2024/07/coinmarketcap.webp]
[ptsdonsolana.com/wp-includes/js/jquery/jquery.minf43b.js]
[ptsdonsolana.com/wp-includes/js/jquery/jquery-migrate.min5589.js]
[ptsdonsolana.com/wp-content/themes/Divi/js/scripts.minef2c.js]
[ptsdonsolana.com/wp-content/themes/Divi/js/smoothscrollef2c.js]
[ptsdonsolana.com/wp-content/themes/Divi/includes/builder/feature/dynamic-assets/assets/js/easypiechartef2c.js]
[ptsdonsolana.com/wp-content/plugins/a3-lazy-load/assets/js/jquery.lazyloadxt.extra.minde39.js]
[ptsdonsolana.com/wp-content/plugins/a3-lazy-load/assets/js/jquery.lazyloadxt.srcset.minde39.js]
[ptsdonsolana.com/wp-content/plugins/a3-lazy-load/assets/js/jquery.lazyloadxt.extendde39.js]
[ptsdonsolana.com/wp-content/themes/Divi/core/admin/js/commonef2c.js]
[ptsdonsolana.com/wp-content/themes/Divi/includes/builder/feature/dynamic-assets/assets/js/sticky-elementsef2c.js]
[ptsdonsolana.com/index.html]
[ptsdonsolana.com/xmlrpc.html]
[ptsdonsolana.com/cdn-cgi/challenge-platform/h/b/scripts/jsd/a6e12e96a2d5/maind41d.js]
[ptsdonsolana.com/wp-content/themes/Divi/includes/builder/styles/images/subscribe-loader.gif]
[ptsdonsolana.com/wp-content/et-cache/348/et-divi-dynamic-tb-45-tb-46-348f2e8.css]
[ptsdonsolana.com/wp-content/plugins/a3-lazy-load/assets/css/loading.gif]
[ptsdonsolana.com/wp-content/plugins/a3-lazy-load/assets/css/jquery.lazyloadxt.spinner109c.css]
[ptsdonsolana.com/wp-content/uploads/sass/a3_lazy_load.min5581.css]
[ptsdonsolana.com/xmlrpc0db0.html]
[ptsdonsolana.com/wp-content/uploads/2024/07/crypto-bg-04.png]
[ptsdonsolana.com/wp-content/et-cache/348/et-core-unified-tb-45-tb-46-deferred-348.min4c77.css]
